Archive member included to satisfy reference by file (symbol)

/usr/lib/gcc/avr/14.2.0/avr51/libgcc.a(_mulsi3.o)
                              build/avr_Timers.o (__mulsi3)
/usr/lib/gcc/avr/14.2.0/avr51/libgcc.a(_udivmodsi4.o)
                              build/avr_Timers.o (__udivmodsi4)
/usr/lib/gcc/avr/14.2.0/avr51/libgcc.a(_exit.o)
                              /usr/lib/gcc/avr/14.2.0/../../../../avr/lib/avr51/crtatmega128.o (exit)
/usr/lib/gcc/avr/14.2.0/avr51/libgcc.a(_tablejump2.o)
                              build/avr_Extint.o (__tablejump2__)
/usr/lib/gcc/avr/14.2.0/avr51/libgcc.a(_copy_data.o)
                              build/avr_Adc.o (__do_copy_data)
/usr/lib/gcc/avr/14.2.0/avr51/libgcc.a(_clear_bss.o)
                              build/avr_Adc.o (__do_clear_bss)
/usr/lib/gcc/avr/14.2.0/avr51/libgcc.a(_muluhisi3.o)
                              /usr/lib/gcc/avr/14.2.0/avr51/libgcc.a(_mulsi3.o) (__muluhisi3)
/usr/lib/gcc/avr/14.2.0/avr51/libgcc.a(_umulhisi3.o)
                              /usr/lib/gcc/avr/14.2.0/avr51/libgcc.a(_muluhisi3.o) (__umulhisi3)
/usr/lib/gcc/avr/14.2.0/../../../../avr/lib/avr51/libm.a(divsf3.o)
                              build/avr_Timers.o (__divsf3)
/usr/lib/gcc/avr/14.2.0/../../../../avr/lib/avr51/libm.a(divsf3x.o)
                              /usr/lib/gcc/avr/14.2.0/../../../../avr/lib/avr51/libm.a(divsf3.o) (__divsf3x)
/usr/lib/gcc/avr/14.2.0/../../../../avr/lib/avr51/libm.a(fixunssfsi.o)
                              build/avr_Timers.o (__fixunssfsi)
/usr/lib/gcc/avr/14.2.0/../../../../avr/lib/avr51/libm.a(floatsisf.o)
                              build/avr_Timers.o (__floatunsisf)
/usr/lib/gcc/avr/14.2.0/../../../../avr/lib/avr51/libm.a(fp_inf.o)
                              /usr/lib/gcc/avr/14.2.0/../../../../avr/lib/avr51/libm.a(divsf3x.o) (__fp_inf)
/usr/lib/gcc/avr/14.2.0/../../../../avr/lib/avr51/libm.a(fp_nan.o)
                              /usr/lib/gcc/avr/14.2.0/../../../../avr/lib/avr51/libm.a(divsf3x.o) (__fp_nan)
/usr/lib/gcc/avr/14.2.0/../../../../avr/lib/avr51/libm.a(fp_pscA.o)
                              /usr/lib/gcc/avr/14.2.0/../../../../avr/lib/avr51/libm.a(divsf3x.o) (__fp_pscA)
/usr/lib/gcc/avr/14.2.0/../../../../avr/lib/avr51/libm.a(fp_pscB.o)
                              /usr/lib/gcc/avr/14.2.0/../../../../avr/lib/avr51/libm.a(divsf3x.o) (__fp_pscB)
/usr/lib/gcc/avr/14.2.0/../../../../avr/lib/avr51/libm.a(fp_round.o)
                              /usr/lib/gcc/avr/14.2.0/../../../../avr/lib/avr51/libm.a(divsf3.o) (__fp_round)
/usr/lib/gcc/avr/14.2.0/../../../../avr/lib/avr51/libm.a(fp_split3.o)
                              /usr/lib/gcc/avr/14.2.0/../../../../avr/lib/avr51/libm.a(divsf3x.o) (__fp_split3)
/usr/lib/gcc/avr/14.2.0/../../../../avr/lib/avr51/libm.a(fp_zero.o)
                              /usr/lib/gcc/avr/14.2.0/../../../../avr/lib/avr51/libm.a(fixunssfsi.o) (__fp_zero)

There are no discarded input sections

Memory Configuration

Name             Origin             Length             Attributes
text             0x00000000         0x00020000         xr
data             0x00800100         0x00001000         rw!x
eeprom           0x00810000         0x00001000         rw!x
fuse             0x00820000         0x00000003         rw!x
lock             0x00830000         0x00000400         rw!x
signature        0x00840000         0x00000400         rw!x
user_signatures  0x00850000         0x00000400         rw!x
*default*        0x00000000         0xffffffff

Linker script and memory map

Address of section .data set to 0x800100
LOAD /usr/lib/gcc/avr/14.2.0/../../../../avr/lib/avr51/crtatmega128.o
LOAD build/avr_Adc.o
LOAD build/avr_api.o
LOAD build/avr_Extint.o
LOAD build/avr_Gpio.o
LOAD build/avr_Timers.o
LOAD build/estados.o
LOAD build/f_sistick.o
LOAD build/funciones.o
LOAD build/main.o
START GROUP
LOAD /usr/lib/gcc/avr/14.2.0/avr51/libgcc.a
LOAD /usr/lib/gcc/avr/14.2.0/../../../../avr/lib/avr51/libm.a
LOAD /usr/lib/gcc/avr/14.2.0/../../../../avr/lib/avr51/libc.a
LOAD /usr/lib/gcc/avr/14.2.0/../../../../avr/lib/avr51/libatmega128.a
END GROUP
                0x00000000                        __TEXT_REGION_ORIGIN__ = DEFINED (__TEXT_REGION_ORIGIN__)?__TEXT_REGION_ORIGIN__:0x0
                [0x00020000]                      __TEXT_REGION_LENGTH__ = DEFINED (__TEXT_REGION_LENGTH__)?__TEXT_REGION_LENGTH__:0x20000
                [0x00800100]                      __DATA_REGION_ORIGIN__ = DEFINED (__DATA_REGION_ORIGIN__)?__DATA_REGION_ORIGIN__:0x800100
                [0x00001000]                      __DATA_REGION_LENGTH__ = DEFINED (__DATA_REGION_LENGTH__)?__DATA_REGION_LENGTH__:0xff00
                [0x00001000]                      __EEPROM_REGION_LENGTH__ = DEFINED (__EEPROM_REGION_LENGTH__)?__EEPROM_REGION_LENGTH__:0x10000
                [0x00000003]                      __FUSE_REGION_LENGTH__ = DEFINED (__FUSE_REGION_LENGTH__)?__FUSE_REGION_LENGTH__:0x400
                0x00000400                        __LOCK_REGION_LENGTH__ = DEFINED (__LOCK_REGION_LENGTH__)?__LOCK_REGION_LENGTH__:0x400
                0x00000400                        __SIGNATURE_REGION_LENGTH__ = DEFINED (__SIGNATURE_REGION_LENGTH__)?__SIGNATURE_REGION_LENGTH__:0x400
                0x00000400                        __USER_SIGNATURE_REGION_LENGTH__ = DEFINED (__USER_SIGNATURE_REGION_LENGTH__)?__USER_SIGNATURE_REGION_LENGTH__:0x400

.hash
 *(.hash)

.dynsym
 *(.dynsym)

.dynstr
 *(.dynstr)

.gnu.version
 *(.gnu.version)

.gnu.version_d
 *(.gnu.version_d)

.gnu.version_r
 *(.gnu.version_r)

.rel.init
 *(.rel.init)

.rela.init
 *(.rela.init)

.rel.text
 *(.rel.text)
 *(.rel.text.*)
 *(.rel.gnu.linkonce.t*)

.rela.text
 *(.rela.text)
 *(.rela.text.*)
 *(.rela.gnu.linkonce.t*)

.rel.fini
 *(.rel.fini)

.rela.fini
 *(.rela.fini)

.rel.rodata
 *(.rel.rodata)
 *(.rel.rodata.*)
 *(.rel.gnu.linkonce.r*)

.rela.rodata
 *(.rela.rodata)
 *(.rela.rodata.*)
 *(.rela.gnu.linkonce.r*)

.rel.data
 *(.rel.data)
 *(.rel.data.*)
 *(.rel.gnu.linkonce.d*)

.rela.data
 *(.rela.data)
 *(.rela.data.*)
 *(.rela.gnu.linkonce.d*)

.rel.ctors
 *(.rel.ctors)

.rela.ctors
 *(.rela.ctors)

.rel.dtors
 *(.rel.dtors)

.rela.dtors
 *(.rela.dtors)

.rel.got
 *(.rel.got)

.rela.got
 *(.rela.got)

.rel.bss
 *(.rel.bss)

.rela.bss
 *(.rela.bss)

.rel.plt
 *(.rel.plt)

.rela.plt
 *(.rela.plt)

.text           0x00000000     0x1e92
 *(.vectors)
 .vectors       0x00000000       0x8c /usr/lib/gcc/avr/14.2.0/../../../../avr/lib/avr51/crtatmega128.o
                0x00000000                __vectors
                0x00000000                __vector_default
 *(.vectors)
 *(.progmem.gcc*)
                0x0000008c                        . = ALIGN (0x2)
                0x0000008c                        __trampolines_start = .
 *(.trampolines)
 .trampolines   0x0000008c        0x0 linker stubs
 *(.trampolines*)
                0x0000008c                        __trampolines_end = .
 *libprintf_flt.a:*(.progmem.data)
 *libc.a:*(.progmem.data)
 *(.progmem.*)
                0x0000008c                        . = ALIGN (0x2)
 *(.lowtext)
 *(.lowtext*)
                0x0000008c                        __ctors_start = .
 *(.ctors)
                0x0000008c                        __ctors_end = .
                0x0000008c                        __dtors_start = .
 *(.dtors)
                0x0000008c                        __dtors_end = .
 SORT_BY_NAME(*)(.ctors)
 SORT_BY_NAME(*)(.dtors)
 *(.init0)
 .init0         0x0000008c        0x0 /usr/lib/gcc/avr/14.2.0/../../../../avr/lib/avr51/crtatmega128.o
                0x0000008c                __init
 *(.init0)
 *(.init1)
 *(.init1)
 *(.init2)
 .init2         0x0000008c        0xc /usr/lib/gcc/avr/14.2.0/../../../../avr/lib/avr51/crtatmega128.o
 *(.init2)
 *(.init3)
 *(.init3)
 *(.init4)
 .init4         0x00000098       0x1a /usr/lib/gcc/avr/14.2.0/avr51/libgcc.a(_copy_data.o)
                0x00000098                __do_copy_data
 .init4         0x000000b2       0x10 /usr/lib/gcc/avr/14.2.0/avr51/libgcc.a(_clear_bss.o)
                0x000000b2                __do_clear_bss
 *(.init4)
 *(.init5)
 *(.init5)
 *(.init6)
 *(.init6)
 *(.init7)
 *(.init7)
 *(.init8)
 *(.init8)
 *(.init9)
 .init9         0x000000c2        0x8 /usr/lib/gcc/avr/14.2.0/../../../../avr/lib/avr51/crtatmega128.o
 *(.init9)
 *(.text)
 .text          0x000000ca        0x4 /usr/lib/gcc/avr/14.2.0/../../../../avr/lib/avr51/crtatmega128.o
                0x000000ca                __vector_22
                0x000000ca                __vector_28
                0x000000ca                __vector_32
                0x000000ca                __vector_34
                0x000000ca                __vector_24
                0x000000ca                __vector_12
                0x000000ca                __bad_interrupt
                0x000000ca                __vector_31
                0x000000ca                __vector_23
                0x000000ca                __vector_30
                0x000000ca                __vector_25
                0x000000ca                __vector_11
                0x000000ca                __vector_13
                0x000000ca                __vector_17
                0x000000ca                __vector_19
                0x000000ca                __vector_27
                0x000000ca                __vector_33
                0x000000ca                __vector_9
                0x000000ca                __vector_15
                0x000000ca                __vector_26
                0x000000ca                __vector_18
                0x000000ca                __vector_20
 .text          0x000000ce      0x376 build/avr_Adc.o
                0x000000ce                null_adc_irq
                0x000000de                leer_ADC
                0x000001b6                init_adc
                0x000003de                __vector_21
 .text          0x00000444        0x0 build/avr_api.o
 .text          0x00000444      0x732 build/avr_Extint.o
                0x00000444                init_extern_interrupt
                0x00000846                __vector_1
                0x000008ac                __vector_2
                0x00000912                __vector_3
                0x00000978                __vector_4
                0x000009de                __vector_5
                0x00000a44                __vector_6
                0x00000aaa                __vector_7
                0x00000b10                __vector_8
 .text          0x00000b76      0x1de build/avr_Gpio.o
                0x00000b76                init_gpio
 .text          0x00000d54      0xc5c build/avr_Timers.o
                0x00000d64                init_generic_timer
                0x00000e16                init_Systick_timer
                0x00001314                init_Fast_PWm_timer
                0x000017a2                __vector_16
                0x00001822                __vector_14
                0x000018a6                __vector_10
                0x0000192a                __vector_29
 .text          0x000019b0       0x58 build/estados.o
                0x000019b0                f_voltaje_correcto
                0x000019dc                f_voltaje_incorrecto
 .text          0x00001a08       0x1e build/f_sistick.o
                0x00001a08                f_systick
 .text          0x00001a26       0xe8 build/funciones.o
                0x00001a26                f_inicio_mcu
                0x00001ab2                activar_indicador_correcto
                0x00001ad0                activar_indicador_luminico_incorrecto
                0x00001aee                leer_bat
 .text          0x00001b0e       0x4c build/main.o
                0x00001b0e                main
 .text          0x00001b5a        0x0 /usr/lib/gcc/avr/14.2.0/avr51/libgcc.a(_mulsi3.o)
 .text          0x00001b5a        0x0 /usr/lib/gcc/avr/14.2.0/avr51/libgcc.a(_udivmodsi4.o)
 .text          0x00001b5a        0x0 /usr/lib/gcc/avr/14.2.0/avr51/libgcc.a(_exit.o)
 .text          0x00001b5a        0x0 /usr/lib/gcc/avr/14.2.0/avr51/libgcc.a(_tablejump2.o)
 .text          0x00001b5a        0x0 /usr/lib/gcc/avr/14.2.0/avr51/libgcc.a(_copy_data.o)
 .text          0x00001b5a        0x0 /usr/lib/gcc/avr/14.2.0/avr51/libgcc.a(_clear_bss.o)
 .text          0x00001b5a        0x0 /usr/lib/gcc/avr/14.2.0/avr51/libgcc.a(_muluhisi3.o)
 .text          0x00001b5a        0x0 /usr/lib/gcc/avr/14.2.0/avr51/libgcc.a(_umulhisi3.o)
 .text          0x00001b5a        0x0 /usr/lib/gcc/avr/14.2.0/../../../../avr/lib/avr51/libm.a(divsf3.o)
 .text          0x00001b5a        0x0 /usr/lib/gcc/avr/14.2.0/../../../../avr/lib/avr51/libm.a(divsf3x.o)
 .text          0x00001b5a        0x0 /usr/lib/gcc/avr/14.2.0/../../../../avr/lib/avr51/libm.a(fixunssfsi.o)
 .text          0x00001b5a        0x0 /usr/lib/gcc/avr/14.2.0/../../../../avr/lib/avr51/libm.a(floatsisf.o)
 .text          0x00001b5a        0x0 /usr/lib/gcc/avr/14.2.0/../../../../avr/lib/avr51/libm.a(fp_inf.o)
 .text          0x00001b5a        0x0 /usr/lib/gcc/avr/14.2.0/../../../../avr/lib/avr51/libm.a(fp_nan.o)
 .text          0x00001b5a        0x0 /usr/lib/gcc/avr/14.2.0/../../../../avr/lib/avr51/libm.a(fp_pscA.o)
 .text          0x00001b5a        0x0 /usr/lib/gcc/avr/14.2.0/../../../../avr/lib/avr51/libm.a(fp_pscB.o)
 .text          0x00001b5a        0x0 /usr/lib/gcc/avr/14.2.0/../../../../avr/lib/avr51/libm.a(fp_round.o)
 .text          0x00001b5a        0x0 /usr/lib/gcc/avr/14.2.0/../../../../avr/lib/avr51/libm.a(fp_split3.o)
 .text          0x00001b5a        0x0 /usr/lib/gcc/avr/14.2.0/../../../../avr/lib/avr51/libm.a(fp_zero.o)
                0x00001b5a                        . = ALIGN (0x2)
 *(.text.*)
 .text.libgcc.mul
                0x00001b5a       0x20 /usr/lib/gcc/avr/14.2.0/avr51/libgcc.a(_mulsi3.o)
                0x00001b5a                __mulsi3
 .text.libgcc.div
                0x00001b7a        0x0 /usr/lib/gcc/avr/14.2.0/avr51/libgcc.a(_mulsi3.o)
 .text.libgcc   0x00001b7a        0x0 /usr/lib/gcc/avr/14.2.0/avr51/libgcc.a(_mulsi3.o)
 .text.libgcc.prologue
                0x00001b7a        0x0 /usr/lib/gcc/avr/14.2.0/avr51/libgcc.a(_mulsi3.o)
 .text.libgcc.builtins
                0x00001b7a        0x0 /usr/lib/gcc/avr/14.2.0/avr51/libgcc.a(_mulsi3.o)
 .text.libgcc.fmul
                0x00001b7a        0x0 /usr/lib/gcc/avr/14.2.0/avr51/libgcc.a(_mulsi3.o)
 .text.libgcc.fixed
                0x00001b7a        0x0 /usr/lib/gcc/avr/14.2.0/avr51/libgcc.a(_mulsi3.o)
 .text.libgcc.mul
                0x00001b7a        0x0 /usr/lib/gcc/avr/14.2.0/avr51/libgcc.a(_udivmodsi4.o)
 .text.libgcc.div
                0x00001b7a       0x44 /usr/lib/gcc/avr/14.2.0/avr51/libgcc.a(_udivmodsi4.o)
                0x00001b7a                __udivmodsi4
 .text.libgcc   0x00001bbe        0x0 /usr/lib/gcc/avr/14.2.0/avr51/libgcc.a(_udivmodsi4.o)
 .text.libgcc.prologue
                0x00001bbe        0x0 /usr/lib/gcc/avr/14.2.0/avr51/libgcc.a(_udivmodsi4.o)
 .text.libgcc.builtins
                0x00001bbe        0x0 /usr/lib/gcc/avr/14.2.0/avr51/libgcc.a(_udivmodsi4.o)
 .text.libgcc.fmul
                0x00001bbe        0x0 /usr/lib/gcc/avr/14.2.0/avr51/libgcc.a(_udivmodsi4.o)
 .text.libgcc.fixed
                0x00001bbe        0x0 /usr/lib/gcc/avr/14.2.0/avr51/libgcc.a(_udivmodsi4.o)
 .text.libgcc.mul
                0x00001bbe        0x0 /usr/lib/gcc/avr/14.2.0/avr51/libgcc.a(_exit.o)
 .text.libgcc.div
                0x00001bbe        0x0 /usr/lib/gcc/avr/14.2.0/avr51/libgcc.a(_exit.o)
 .text.libgcc   0x00001bbe        0x0 /usr/lib/gcc/avr/14.2.0/avr51/libgcc.a(_exit.o)
 .text.libgcc.prologue
                0x00001bbe        0x0 /usr/lib/gcc/avr/14.2.0/avr51/libgcc.a(_exit.o)
 .text.libgcc.builtins
                0x00001bbe        0x0 /usr/lib/gcc/avr/14.2.0/avr51/libgcc.a(_exit.o)
 .text.libgcc.fmul
                0x00001bbe        0x0 /usr/lib/gcc/avr/14.2.0/avr51/libgcc.a(_exit.o)
 .text.libgcc.fixed
                0x00001bbe        0x0 /usr/lib/gcc/avr/14.2.0/avr51/libgcc.a(_exit.o)
 .text.libgcc.mul
                0x00001bbe        0x0 /usr/lib/gcc/avr/14.2.0/avr51/libgcc.a(_tablejump2.o)
 .text.libgcc.div
                0x00001bbe        0x0 /usr/lib/gcc/avr/14.2.0/avr51/libgcc.a(_tablejump2.o)
 .text.libgcc   0x00001bbe       0x12 /usr/lib/gcc/avr/14.2.0/avr51/libgcc.a(_tablejump2.o)
                0x00001bbe                __tablejump2__
 .text.libgcc.prologue
                0x00001bd0        0x0 /usr/lib/gcc/avr/14.2.0/avr51/libgcc.a(_tablejump2.o)
 .text.libgcc.builtins
                0x00001bd0        0x0 /usr/lib/gcc/avr/14.2.0/avr51/libgcc.a(_tablejump2.o)
 .text.libgcc.fmul
                0x00001bd0        0x0 /usr/lib/gcc/avr/14.2.0/avr51/libgcc.a(_tablejump2.o)
 .text.libgcc.fixed
                0x00001bd0        0x0 /usr/lib/gcc/avr/14.2.0/avr51/libgcc.a(_tablejump2.o)
 .text.libgcc.mul
                0x00001bd0        0x0 /usr/lib/gcc/avr/14.2.0/avr51/libgcc.a(_copy_data.o)
 .text.libgcc.div
                0x00001bd0        0x0 /usr/lib/gcc/avr/14.2.0/avr51/libgcc.a(_copy_data.o)
 .text.libgcc   0x00001bd0        0x0 /usr/lib/gcc/avr/14.2.0/avr51/libgcc.a(_copy_data.o)
 .text.libgcc.prologue
                0x00001bd0        0x0 /usr/lib/gcc/avr/14.2.0/avr51/libgcc.a(_copy_data.o)
 .text.libgcc.builtins
                0x00001bd0        0x0 /usr/lib/gcc/avr/14.2.0/avr51/libgcc.a(_copy_data.o)
 .text.libgcc.fmul
                0x00001bd0        0x0 /usr/lib/gcc/avr/14.2.0/avr51/libgcc.a(_copy_data.o)
 .text.libgcc.fixed
                0x00001bd0        0x0 /usr/lib/gcc/avr/14.2.0/avr51/libgcc.a(_copy_data.o)
 .text.libgcc.mul
                0x00001bd0        0x0 /usr/lib/gcc/avr/14.2.0/avr51/libgcc.a(_clear_bss.o)
 .text.libgcc.div
                0x00001bd0        0x0 /usr/lib/gcc/avr/14.2.0/avr51/libgcc.a(_clear_bss.o)
 .text.libgcc   0x00001bd0        0x0 /usr/lib/gcc/avr/14.2.0/avr51/libgcc.a(_clear_bss.o)
 .text.libgcc.prologue
                0x00001bd0        0x0 /usr/lib/gcc/avr/14.2.0/avr51/libgcc.a(_clear_bss.o)
 .text.libgcc.builtins
                0x00001bd0        0x0 /usr/lib/gcc/avr/14.2.0/avr51/libgcc.a(_clear_bss.o)
 .text.libgcc.fmul
                0x00001bd0        0x0 /usr/lib/gcc/avr/14.2.0/avr51/libgcc.a(_clear_bss.o)
 .text.libgcc.fixed
                0x00001bd0        0x0 /usr/lib/gcc/avr/14.2.0/avr51/libgcc.a(_clear_bss.o)
 .text.libgcc.mul
                0x00001bd0       0x16 /usr/lib/gcc/avr/14.2.0/avr51/libgcc.a(_muluhisi3.o)
                0x00001bd0                __muluhisi3
 .text.libgcc.div
                0x00001be6        0x0 /usr/lib/gcc/avr/14.2.0/avr51/libgcc.a(_muluhisi3.o)
 .text.libgcc   0x00001be6        0x0 /usr/lib/gcc/avr/14.2.0/avr51/libgcc.a(_muluhisi3.o)
 .text.libgcc.prologue
                0x00001be6        0x0 /usr/lib/gcc/avr/14.2.0/avr51/libgcc.a(_muluhisi3.o)
 .text.libgcc.builtins
                0x00001be6        0x0 /usr/lib/gcc/avr/14.2.0/avr51/libgcc.a(_muluhisi3.o)
 .text.libgcc.fmul
                0x00001be6        0x0 /usr/lib/gcc/avr/14.2.0/avr51/libgcc.a(_muluhisi3.o)
 .text.libgcc.fixed
                0x00001be6        0x0 /usr/lib/gcc/avr/14.2.0/avr51/libgcc.a(_muluhisi3.o)
 .text.libgcc.mul
                0x00001be6       0x1e /usr/lib/gcc/avr/14.2.0/avr51/libgcc.a(_umulhisi3.o)
                0x00001be6                __umulhisi3
 .text.libgcc.div
                0x00001c04        0x0 /usr/lib/gcc/avr/14.2.0/avr51/libgcc.a(_umulhisi3.o)
 .text.libgcc   0x00001c04        0x0 /usr/lib/gcc/avr/14.2.0/avr51/libgcc.a(_umulhisi3.o)
 .text.libgcc.prologue
                0x00001c04        0x0 /usr/lib/gcc/avr/14.2.0/avr51/libgcc.a(_umulhisi3.o)
 .text.libgcc.builtins
                0x00001c04        0x0 /usr/lib/gcc/avr/14.2.0/avr51/libgcc.a(_umulhisi3.o)
 .text.libgcc.fmul
                0x00001c04        0x0 /usr/lib/gcc/avr/14.2.0/avr51/libgcc.a(_umulhisi3.o)
 .text.libgcc.fixed
                0x00001c04        0x0 /usr/lib/gcc/avr/14.2.0/avr51/libgcc.a(_umulhisi3.o)
 .text.avr-libc.fplib
                0x00001c04        0x8 /usr/lib/gcc/avr/14.2.0/../../../../avr/lib/avr51/libm.a(divsf3.o)
                0x00001c04                __divsf3
 .text.avr-libc.fplib
                0x00001c0c       0xdc /usr/lib/gcc/avr/14.2.0/../../../../avr/lib/avr51/libm.a(divsf3x.o)
                0x00001c2c                __divsf3x
                0x00001c32                __divsf3_pse
 .text.avr-libc.fplib
                0x00001ce8       0x5e /usr/lib/gcc/avr/14.2.0/../../../../avr/lib/avr51/libm.a(fixunssfsi.o)
                0x00001ce8                __fixunssfsi
 .text.avr-libc.fplib
                0x00001d46       0x7a /usr/lib/gcc/avr/14.2.0/../../../../avr/lib/avr51/libm.a(floatsisf.o)
                0x00001d46                __floatunsisf
                0x00001d4a                __floatsisf
 .text.avr-libc.fplib
                0x00001dc0        0xc /usr/lib/gcc/avr/14.2.0/../../../../avr/lib/avr51/libm.a(fp_inf.o)
                0x00001dc0                __fp_inf
 .text.avr-libc.fplib
                0x00001dcc        0x6 /usr/lib/gcc/avr/14.2.0/../../../../avr/lib/avr51/libm.a(fp_nan.o)
                0x00001dcc                __fp_nan
 .text.avr-libc.fplib
                0x00001dd2        0xe /usr/lib/gcc/avr/14.2.0/../../../../avr/lib/avr51/libm.a(fp_pscA.o)
                0x00001dd2                __fp_pscA
 .text.avr-libc.fplib
                0x00001de0        0xe /usr/lib/gcc/avr/14.2.0/../../../../avr/lib/avr51/libm.a(fp_pscB.o)
                0x00001de0                __fp_pscB
 .text.avr-libc.fplib
                0x00001dee       0x22 /usr/lib/gcc/avr/14.2.0/../../../../avr/lib/avr51/libm.a(fp_round.o)
                0x00001dee                __fp_round
 .text.avr-libc.fplib
                0x00001e10       0x44 /usr/lib/gcc/avr/14.2.0/../../../../avr/lib/avr51/libm.a(fp_split3.o)
                0x00001e10                __fp_split3
                0x00001e20                __fp_splitA
 .text.avr-libc.fplib
                0x00001e54        0xe /usr/lib/gcc/avr/14.2.0/../../../../avr/lib/avr51/libm.a(fp_zero.o)
                0x00001e54                __fp_zero
                0x00001e56                __fp_szero
                0x00001e62                        . = ALIGN (0x2)
 *(.fini9)
 .fini9         0x00001e62        0x0 /usr/lib/gcc/avr/14.2.0/avr51/libgcc.a(_exit.o)
                0x00001e62                exit
                0x00001e62                _exit
 *(.fini9)
 *(.fini8)
 *(.fini8)
 *(.fini7)
 *(.fini7)
 *(.fini6)
 *(.fini6)
 *(.fini5)
 *(.fini5)
 *(.fini4)
 *(.fini4)
 *(.fini3)
 *(.fini3)
 *(.fini2)
 *(.fini2)
 *(.fini1)
 *(.fini1)
 *(.fini0)
 .fini0         0x00001e62        0x4 /usr/lib/gcc/avr/14.2.0/avr51/libgcc.a(_exit.o)
 *(.fini0)
 *(.hightext)
 *(.hightext*)
 *(.progmemx.*)
                0x00001e66                        . = ALIGN (0x2)
 *(.jumptables)
 *(.jumptables*)
 .jumptables.gcc.init_extern_interrupt
                0x00001e66       0x10 build/avr_Extint.o
 .jumptables.gcc.init_gpio
                0x00001e76       0x1c build/avr_Gpio.o
                0x00001e92                        _etext = .

.data           0x00800100       0x36 load address 0x00001e92
                0x00800100                        PROVIDE (__data_start = .)
 *(.data)
 .data          0x00800100        0x0 /usr/lib/gcc/avr/14.2.0/../../../../avr/lib/avr51/crtatmega128.o
 .data          0x00800100        0x2 build/avr_Adc.o
 .data          0x00800102        0x0 build/avr_api.o
 .data          0x00800102        0x0 build/avr_Extint.o
 .data          0x00800102        0x0 build/avr_Gpio.o
 .data          0x00800102        0x0 build/avr_Timers.o
 .data          0x00800102        0x0 build/estados.o
 .data          0x00800102        0x0 build/f_sistick.o
 .data          0x00800102        0x0 build/funciones.o
 .data          0x00800102        0x0 build/main.o
 .data          0x00800102        0x0 /usr/lib/gcc/avr/14.2.0/avr51/libgcc.a(_mulsi3.o)
 .data          0x00800102        0x0 /usr/lib/gcc/avr/14.2.0/avr51/libgcc.a(_udivmodsi4.o)
 .data          0x00800102        0x0 /usr/lib/gcc/avr/14.2.0/avr51/libgcc.a(_exit.o)
 .data          0x00800102        0x0 /usr/lib/gcc/avr/14.2.0/avr51/libgcc.a(_tablejump2.o)
 .data          0x00800102        0x0 /usr/lib/gcc/avr/14.2.0/avr51/libgcc.a(_copy_data.o)
 .data          0x00800102        0x0 /usr/lib/gcc/avr/14.2.0/avr51/libgcc.a(_clear_bss.o)
 .data          0x00800102        0x0 /usr/lib/gcc/avr/14.2.0/avr51/libgcc.a(_muluhisi3.o)
 .data          0x00800102        0x0 /usr/lib/gcc/avr/14.2.0/avr51/libgcc.a(_umulhisi3.o)
 .data          0x00800102        0x0 /usr/lib/gcc/avr/14.2.0/../../../../avr/lib/avr51/libm.a(divsf3.o)
 .data          0x00800102        0x0 /usr/lib/gcc/avr/14.2.0/../../../../avr/lib/avr51/libm.a(divsf3x.o)
 .data          0x00800102        0x0 /usr/lib/gcc/avr/14.2.0/../../../../avr/lib/avr51/libm.a(fixunssfsi.o)
 .data          0x00800102        0x0 /usr/lib/gcc/avr/14.2.0/../../../../avr/lib/avr51/libm.a(floatsisf.o)
 .data          0x00800102        0x0 /usr/lib/gcc/avr/14.2.0/../../../../avr/lib/avr51/libm.a(fp_inf.o)
 .data          0x00800102        0x0 /usr/lib/gcc/avr/14.2.0/../../../../avr/lib/avr51/libm.a(fp_nan.o)
 .data          0x00800102        0x0 /usr/lib/gcc/avr/14.2.0/../../../../avr/lib/avr51/libm.a(fp_pscA.o)
 .data          0x00800102        0x0 /usr/lib/gcc/avr/14.2.0/../../../../avr/lib/avr51/libm.a(fp_pscB.o)
 .data          0x00800102        0x0 /usr/lib/gcc/avr/14.2.0/../../../../avr/lib/avr51/libm.a(fp_round.o)
 .data          0x00800102        0x0 /usr/lib/gcc/avr/14.2.0/../../../../avr/lib/avr51/libm.a(fp_split3.o)
 .data          0x00800102        0x0 /usr/lib/gcc/avr/14.2.0/../../../../avr/lib/avr51/libm.a(fp_zero.o)
 *(.data*)
 *(.gnu.linkonce.d*)
 *(.rodata)
 .rodata        0x00800102       0x34 build/avr_Timers.o
 *(.rodata*)
 *(.gnu.linkonce.r*)
                0x00800136                        . = ALIGN (0x2)
                0x00800136                        _edata = .
                0x00800136                        PROVIDE (__data_end = .)

.bss            0x00800136       0x29
                0x00800136                        PROVIDE (__bss_start = .)
 *(.bss)
 .bss           0x00800136        0x0 /usr/lib/gcc/avr/14.2.0/../../../../avr/lib/avr51/crtatmega128.o
 .bss           0x00800136        0x2 build/avr_Adc.o
                0x00800136                avr_adc_handler
 .bss           0x00800138        0x0 build/avr_api.o
 .bss           0x00800138       0x10 build/avr_Extint.o
                0x00800138                interrupcion_external0
                0x0080013a                interrupcion_external1
                0x0080013c                interrupcion_external2
                0x0080013e                interrupcion_external3
                0x00800140                interrupcion_external4
                0x00800142                interrupcion_external5
                0x00800144                interrupcion_external6
                0x00800146                interrupcion_external7
 .bss           0x00800148        0x0 build/avr_Gpio.o
 .bss           0x00800148       0x17 build/avr_Timers.o
                0x00800148                avr_systick_handler
                0x0080014a                timer_irq_handler
                0x0080014c                avr_pwm_handler
                0x0080014e                tim0irq_user_handler
                0x00800150                tim1irq_user_handler
                0x00800152                tim2irq_user_handler
                0x00800154                tim3irq_user_handler
                0x00800156                systick_interrupt_flag
                0x00800157                tcnt0_value
                0x00800159                tcnt1_value
                0x0080015b                tcnt2_value
                0x0080015d                tcnt3_value
 .bss           0x0080015f        0x0 build/estados.o
 .bss           0x0080015f        0x0 build/f_sistick.o
 .bss           0x0080015f        0x0 build/funciones.o
 .bss           0x0080015f        0x0 build/main.o
 .bss           0x0080015f        0x0 /usr/lib/gcc/avr/14.2.0/avr51/libgcc.a(_mulsi3.o)
 .bss           0x0080015f        0x0 /usr/lib/gcc/avr/14.2.0/avr51/libgcc.a(_udivmodsi4.o)
 .bss           0x0080015f        0x0 /usr/lib/gcc/avr/14.2.0/avr51/libgcc.a(_exit.o)
 .bss           0x0080015f        0x0 /usr/lib/gcc/avr/14.2.0/avr51/libgcc.a(_tablejump2.o)
 .bss           0x0080015f        0x0 /usr/lib/gcc/avr/14.2.0/avr51/libgcc.a(_copy_data.o)
 .bss           0x0080015f        0x0 /usr/lib/gcc/avr/14.2.0/avr51/libgcc.a(_clear_bss.o)
 .bss           0x0080015f        0x0 /usr/lib/gcc/avr/14.2.0/avr51/libgcc.a(_muluhisi3.o)
 .bss           0x0080015f        0x0 /usr/lib/gcc/avr/14.2.0/avr51/libgcc.a(_umulhisi3.o)
 .bss           0x0080015f        0x0 /usr/lib/gcc/avr/14.2.0/../../../../avr/lib/avr51/libm.a(divsf3.o)
 .bss           0x0080015f        0x0 /usr/lib/gcc/avr/14.2.0/../../../../avr/lib/avr51/libm.a(divsf3x.o)
 .bss           0x0080015f        0x0 /usr/lib/gcc/avr/14.2.0/../../../../avr/lib/avr51/libm.a(fixunssfsi.o)
 .bss           0x0080015f        0x0 /usr/lib/gcc/avr/14.2.0/../../../../avr/lib/avr51/libm.a(floatsisf.o)
 .bss           0x0080015f        0x0 /usr/lib/gcc/avr/14.2.0/../../../../avr/lib/avr51/libm.a(fp_inf.o)
 .bss           0x0080015f        0x0 /usr/lib/gcc/avr/14.2.0/../../../../avr/lib/avr51/libm.a(fp_nan.o)
 .bss           0x0080015f        0x0 /usr/lib/gcc/avr/14.2.0/../../../../avr/lib/avr51/libm.a(fp_pscA.o)
 .bss           0x0080015f        0x0 /usr/lib/gcc/avr/14.2.0/../../../../avr/lib/avr51/libm.a(fp_pscB.o)
 .bss           0x0080015f        0x0 /usr/lib/gcc/avr/14.2.0/../../../../avr/lib/avr51/libm.a(fp_round.o)
 .bss           0x0080015f        0x0 /usr/lib/gcc/avr/14.2.0/../../../../avr/lib/avr51/libm.a(fp_split3.o)
 .bss           0x0080015f        0x0 /usr/lib/gcc/avr/14.2.0/../../../../avr/lib/avr51/libm.a(fp_zero.o)
 *(.bss*)
 *(COMMON)
                0x0080015f                        PROVIDE (__bss_end = .)
                0x00001e92                        __data_load_start = LOADADDR (.data)
                0x00001ec8                        __data_load_end = (__data_load_start + SIZEOF (.data))

.noinit         0x0080015f        0x0
                [!provide]                        PROVIDE (__noinit_start = .)
 *(.noinit .noinit.* .gnu.linkonce.n.*)
                [!provide]                        PROVIDE (__noinit_end = .)
                0x0080015f                        _end = .
                [!provide]                        PROVIDE (__heap_start = .)
                0x00000000                        __flmap_init_label = DEFINED (__flmap_noinit_start)?__flmap_noinit_start:0x0
                0x00000000                        __flmap = DEFINED (__flmap)?__flmap:0x0

.eeprom         0x00810000        0x0
 *(.eeprom*)
                0x00810000                        __eeprom_end = .

.fuse
 *(.fuse)
 *(.lfuse)
 *(.hfuse)
 *(.efuse)

.lock
 *(.lock*)

.signature
 *(.signature*)

.stab
 *(.stab)

.stabstr
 *(.stabstr)

.stab.excl
 *(.stab.excl)

.stab.exclstr
 *(.stab.exclstr)

.stab.index
 *(.stab.index)

.stab.indexstr
 *(.stab.indexstr)

.comment        0x00000000       0x23
 *(.comment)
 .comment       0x00000000       0x23 build/avr_Adc.o
                                 0x24 (size before relaxing)
 .comment       0x00000023       0x24 build/avr_api.o
 .comment       0x00000023       0x24 build/avr_Extint.o
 .comment       0x00000023       0x24 build/avr_Gpio.o
 .comment       0x00000023       0x24 build/avr_Timers.o
 .comment       0x00000023       0x24 build/estados.o
 .comment       0x00000023       0x24 build/f_sistick.o
 .comment       0x00000023       0x24 build/funciones.o
 .comment       0x00000023       0x24 build/main.o

.note.gnu.avr.deviceinfo
                0x00000000       0x3c
 .note.gnu.avr.deviceinfo
                0x00000000       0x3c /usr/lib/gcc/avr/14.2.0/../../../../avr/lib/avr51/crtatmega128.o

.gnu.build.attributes
 *(.gnu.build.attributes .gnu.build.attributes.*)

.note.gnu.build-id
 *(.note.gnu.build-id)

.debug
 *(.debug)

.line
 *(.line)

.debug_srcinfo
 *(.debug_srcinfo)

.debug_sfnames
 *(.debug_sfnames)

.debug_aranges  0x00000000      0x200
 *(.debug_aranges)
 .debug_aranges
                0x00000000       0x20 build/avr_Adc.o
 .debug_aranges
                0x00000020       0x20 build/avr_Extint.o
 .debug_aranges
                0x00000040       0x20 build/avr_Gpio.o
 .debug_aranges
                0x00000060       0x20 build/avr_Timers.o
 .debug_aranges
                0x00000080       0x20 build/estados.o
 .debug_aranges
                0x000000a0       0x20 build/f_sistick.o
 .debug_aranges
                0x000000c0       0x20 build/funciones.o
 .debug_aranges
                0x000000e0       0x20 build/main.o
 .debug_aranges
                0x00000100       0x20 /usr/lib/gcc/avr/14.2.0/avr51/libgcc.a(_mulsi3.o)
 .debug_aranges
                0x00000120       0x20 /usr/lib/gcc/avr/14.2.0/avr51/libgcc.a(_udivmodsi4.o)
 .debug_aranges
                0x00000140       0x20 /usr/lib/gcc/avr/14.2.0/avr51/libgcc.a(_exit.o)
 .debug_aranges
                0x00000160       0x20 /usr/lib/gcc/avr/14.2.0/avr51/libgcc.a(_tablejump2.o)
 .debug_aranges
                0x00000180       0x20 /usr/lib/gcc/avr/14.2.0/avr51/libgcc.a(_copy_data.o)
 .debug_aranges
                0x000001a0       0x20 /usr/lib/gcc/avr/14.2.0/avr51/libgcc.a(_clear_bss.o)
 .debug_aranges
                0x000001c0       0x20 /usr/lib/gcc/avr/14.2.0/avr51/libgcc.a(_muluhisi3.o)
 .debug_aranges
                0x000001e0       0x20 /usr/lib/gcc/avr/14.2.0/avr51/libgcc.a(_umulhisi3.o)

.debug_pubnames
 *(.debug_pubnames)

.debug_info     0x00000000     0x1b77
 *(.debug_info .gnu.linkonce.wi.*)
 .debug_info    0x00000000      0x780 /usr/lib/gcc/avr/14.2.0/../../../../avr/lib/avr51/crtatmega128.o
 .debug_info    0x00000780      0x2ef build/avr_Adc.o
 .debug_info    0x00000a6f      0x2f2 build/avr_Extint.o
 .debug_info    0x00000d61      0x146 build/avr_Gpio.o
 .debug_info    0x00000ea7      0x61f build/avr_Timers.o
 .debug_info    0x000014c6       0xda build/estados.o
 .debug_info    0x000015a0      0x11f build/f_sistick.o
 .debug_info    0x000016bf      0x2ba build/funciones.o
 .debug_info    0x00001979       0xde build/main.o
 .debug_info    0x00001a57       0x24 /usr/lib/gcc/avr/14.2.0/avr51/libgcc.a(_mulsi3.o)
 .debug_info    0x00001a7b       0x24 /usr/lib/gcc/avr/14.2.0/avr51/libgcc.a(_udivmodsi4.o)
 .debug_info    0x00001a9f       0x24 /usr/lib/gcc/avr/14.2.0/avr51/libgcc.a(_exit.o)
 .debug_info    0x00001ac3       0x24 /usr/lib/gcc/avr/14.2.0/avr51/libgcc.a(_tablejump2.o)
 .debug_info    0x00001ae7       0x24 /usr/lib/gcc/avr/14.2.0/avr51/libgcc.a(_copy_data.o)
 .debug_info    0x00001b0b       0x24 /usr/lib/gcc/avr/14.2.0/avr51/libgcc.a(_clear_bss.o)
 .debug_info    0x00001b2f       0x24 /usr/lib/gcc/avr/14.2.0/avr51/libgcc.a(_muluhisi3.o)
 .debug_info    0x00001b53       0x24 /usr/lib/gcc/avr/14.2.0/avr51/libgcc.a(_umulhisi3.o)

.debug_abbrev   0x00000000      0xf35
 *(.debug_abbrev)
 .debug_abbrev  0x00000000      0x718 /usr/lib/gcc/avr/14.2.0/../../../../avr/lib/avr51/crtatmega128.o
 .debug_abbrev  0x00000718      0x11b build/avr_Adc.o
 .debug_abbrev  0x00000833       0xec build/avr_Extint.o
 .debug_abbrev  0x0000091f       0xa0 build/avr_Gpio.o
 .debug_abbrev  0x000009bf      0x1c5 build/avr_Timers.o
 .debug_abbrev  0x00000b84       0xbd build/estados.o
 .debug_abbrev  0x00000c41       0x79 build/f_sistick.o
 .debug_abbrev  0x00000cba      0x10b build/funciones.o
 .debug_abbrev  0x00000dc5       0xd0 build/main.o
 .debug_abbrev  0x00000e95       0x14 /usr/lib/gcc/avr/14.2.0/avr51/libgcc.a(_mulsi3.o)
 .debug_abbrev  0x00000ea9       0x14 /usr/lib/gcc/avr/14.2.0/avr51/libgcc.a(_udivmodsi4.o)
 .debug_abbrev  0x00000ebd       0x14 /usr/lib/gcc/avr/14.2.0/avr51/libgcc.a(_exit.o)
 .debug_abbrev  0x00000ed1       0x14 /usr/lib/gcc/avr/14.2.0/avr51/libgcc.a(_tablejump2.o)
 .debug_abbrev  0x00000ee5       0x14 /usr/lib/gcc/avr/14.2.0/avr51/libgcc.a(_copy_data.o)
 .debug_abbrev  0x00000ef9       0x14 /usr/lib/gcc/avr/14.2.0/avr51/libgcc.a(_clear_bss.o)
 .debug_abbrev  0x00000f0d       0x14 /usr/lib/gcc/avr/14.2.0/avr51/libgcc.a(_muluhisi3.o)
 .debug_abbrev  0x00000f21       0x14 /usr/lib/gcc/avr/14.2.0/avr51/libgcc.a(_umulhisi3.o)

.debug_line     0x00000000     0x20ab
 *(.debug_line .debug_line.* .debug_line_end)
 .debug_line    0x00000000       0x1d /usr/lib/gcc/avr/14.2.0/../../../../avr/lib/avr51/crtatmega128.o
 .debug_line    0x0000001d      0x312 build/avr_Adc.o
 .debug_line    0x0000032f        0x0 build/avr_api.o
 .debug_line    0x0000032f      0x898 build/avr_Extint.o
 .debug_line    0x00000bc7      0x30a build/avr_Gpio.o
 .debug_line    0x00000ed1      0xa44 build/avr_Timers.o
 .debug_line    0x00001915       0xb7 build/estados.o
 .debug_line    0x000019cc       0x8b build/f_sistick.o
 .debug_line    0x00001a57      0x143 build/funciones.o
 .debug_line    0x00001b9a       0x6d build/main.o
 .debug_line    0x00001c07       0x9f /usr/lib/gcc/avr/14.2.0/avr51/libgcc.a(_mulsi3.o)
 .debug_line    0x00001ca6      0x111 /usr/lib/gcc/avr/14.2.0/avr51/libgcc.a(_udivmodsi4.o)
 .debug_line    0x00001db7       0x51 /usr/lib/gcc/avr/14.2.0/avr51/libgcc.a(_exit.o)
 .debug_line    0x00001e08       0x7b /usr/lib/gcc/avr/14.2.0/avr51/libgcc.a(_tablejump2.o)
 .debug_line    0x00001e83       0x93 /usr/lib/gcc/avr/14.2.0/avr51/libgcc.a(_copy_data.o)
 .debug_line    0x00001f16       0x75 /usr/lib/gcc/avr/14.2.0/avr51/libgcc.a(_clear_bss.o)
 .debug_line    0x00001f8b       0x81 /usr/lib/gcc/avr/14.2.0/avr51/libgcc.a(_muluhisi3.o)
 .debug_line    0x0000200c       0x9f /usr/lib/gcc/avr/14.2.0/avr51/libgcc.a(_umulhisi3.o)

.debug_frame    0x00000000      0x870
 *(.debug_frame)
 .debug_frame   0x00000000       0xec build/avr_Adc.o
 .debug_frame   0x000000ec      0x354 build/avr_Extint.o
 .debug_frame   0x00000440       0x34 build/avr_Gpio.o
 .debug_frame   0x00000474      0x2ac build/avr_Timers.o
 .debug_frame   0x00000720       0x54 build/estados.o
 .debug_frame   0x00000774       0x34 build/f_sistick.o
 .debug_frame   0x000007a8       0x94 build/funciones.o
 .debug_frame   0x0000083c       0x34 build/main.o

.debug_str      0x00000000     0x10ef
 *(.debug_str)
 .debug_str     0x00000000      0x27d /usr/lib/gcc/avr/14.2.0/../../../../avr/lib/avr51/crtatmega128.o
 .debug_str     0x0000027d      0xe72 build/avr_Adc.o
                                0x3e8 (size before relaxing)
 .debug_str     0x000010ef       0xb4 build/avr_api.o
 .debug_str     0x000010ef      0x37b build/avr_Extint.o
 .debug_str     0x000010ef      0x1ee build/avr_Gpio.o
 .debug_str     0x000010ef      0x6bf build/avr_Timers.o
 .debug_str     0x000010ef      0x16e build/estados.o
 .debug_str     0x000010ef      0x135 build/f_sistick.o
 .debug_str     0x000010ef      0x2e2 build/funciones.o
 .debug_str     0x000010ef      0x131 build/main.o
 .debug_str     0x000010ef       0x7f /usr/lib/gcc/avr/14.2.0/avr51/libgcc.a(_mulsi3.o)
 .debug_str     0x000010ef       0x7f /usr/lib/gcc/avr/14.2.0/avr51/libgcc.a(_udivmodsi4.o)
 .debug_str     0x000010ef       0x7f /usr/lib/gcc/avr/14.2.0/avr51/libgcc.a(_exit.o)
 .debug_str     0x000010ef       0x7f /usr/lib/gcc/avr/14.2.0/avr51/libgcc.a(_tablejump2.o)
 .debug_str     0x000010ef       0x7f /usr/lib/gcc/avr/14.2.0/avr51/libgcc.a(_copy_data.o)
 .debug_str     0x000010ef       0x7f /usr/lib/gcc/avr/14.2.0/avr51/libgcc.a(_clear_bss.o)
 .debug_str     0x000010ef       0x7f /usr/lib/gcc/avr/14.2.0/avr51/libgcc.a(_muluhisi3.o)
 .debug_str     0x000010ef       0x7f /usr/lib/gcc/avr/14.2.0/avr51/libgcc.a(_umulhisi3.o)

.debug_loc      0x00000000     0x123e
 *(.debug_loc)
 .debug_loc     0x00000000      0x1ef build/avr_Adc.o
 .debug_loc     0x000001ef      0x7d0 build/avr_Extint.o
 .debug_loc     0x000009bf       0x48 build/avr_Gpio.o
 .debug_loc     0x00000a07      0x61f build/avr_Timers.o
 .debug_loc     0x00001026       0x90 build/estados.o
 .debug_loc     0x000010b6       0x3b build/f_sistick.o
 .debug_loc     0x000010f1      0x105 build/funciones.o
 .debug_loc     0x000011f6       0x48 build/main.o

.debug_macinfo
 *(.debug_macinfo)

.debug_weaknames
 *(.debug_weaknames)

.debug_funcnames
 *(.debug_funcnames)

.debug_typenames
 *(.debug_typenames)

.debug_varnames
 *(.debug_varnames)

.debug_pubtypes
 *(.debug_pubtypes)

.debug_ranges
 *(.debug_ranges)

.debug_addr
 *(.debug_addr)

.debug_line_str
                0x00000000       0x73
 *(.debug_line_str)
 .debug_line_str
                0x00000000       0x73 /usr/lib/gcc/avr/14.2.0/avr51/libgcc.a(_mulsi3.o)
 .debug_line_str
                0x00000073       0x73 /usr/lib/gcc/avr/14.2.0/avr51/libgcc.a(_udivmodsi4.o)
 .debug_line_str
                0x00000073       0x73 /usr/lib/gcc/avr/14.2.0/avr51/libgcc.a(_exit.o)
 .debug_line_str
                0x00000073       0x73 /usr/lib/gcc/avr/14.2.0/avr51/libgcc.a(_tablejump2.o)
 .debug_line_str
                0x00000073       0x73 /usr/lib/gcc/avr/14.2.0/avr51/libgcc.a(_copy_data.o)
 .debug_line_str
                0x00000073       0x73 /usr/lib/gcc/avr/14.2.0/avr51/libgcc.a(_clear_bss.o)
 .debug_line_str
                0x00000073       0x73 /usr/lib/gcc/avr/14.2.0/avr51/libgcc.a(_muluhisi3.o)
 .debug_line_str
                0x00000073       0x73 /usr/lib/gcc/avr/14.2.0/avr51/libgcc.a(_umulhisi3.o)

.debug_loclists
 *(.debug_loclists)

.debug_macro
 *(.debug_macro)

.debug_names
 *(.debug_names)

.debug_rnglists
 *(.debug_rnglists)

.debug_str_offsets
 *(.debug_str_offsets)

.debug_sup
 *(.debug_sup)
OUTPUT(build/main.elf elf32-avr)
LOAD linker stubs

Cross Reference Table

Symbol                                            File
__DATA_REGION_LENGTH__                            /usr/lib/gcc/avr/14.2.0/../../../../avr/lib/avr51/crtatmega128.o
__DATA_REGION_ORIGIN__                            /usr/lib/gcc/avr/14.2.0/../../../../avr/lib/avr51/crtatmega128.o
__EEPROM_REGION_LENGTH__                          /usr/lib/gcc/avr/14.2.0/../../../../avr/lib/avr51/crtatmega128.o
__FUSE_REGION_LENGTH__                            /usr/lib/gcc/avr/14.2.0/../../../../avr/lib/avr51/crtatmega128.o
__TEXT_REGION_LENGTH__                            /usr/lib/gcc/avr/14.2.0/../../../../avr/lib/avr51/crtatmega128.o
__bad_interrupt                                   /usr/lib/gcc/avr/14.2.0/../../../../avr/lib/avr51/crtatmega128.o
__bss_end                                         /usr/lib/gcc/avr/14.2.0/avr51/libgcc.a(_clear_bss.o)
__bss_start                                       /usr/lib/gcc/avr/14.2.0/avr51/libgcc.a(_clear_bss.o)
__data_end                                        /usr/lib/gcc/avr/14.2.0/avr51/libgcc.a(_copy_data.o)
__data_load_start                                 /usr/lib/gcc/avr/14.2.0/avr51/libgcc.a(_copy_data.o)
__data_start                                      /usr/lib/gcc/avr/14.2.0/avr51/libgcc.a(_copy_data.o)
__divsf3                                          /usr/lib/gcc/avr/14.2.0/../../../../avr/lib/avr51/libm.a(divsf3.o)
                                                  build/avr_Timers.o
__divsf3_pse                                      /usr/lib/gcc/avr/14.2.0/../../../../avr/lib/avr51/libm.a(divsf3x.o)
__divsf3x                                         /usr/lib/gcc/avr/14.2.0/../../../../avr/lib/avr51/libm.a(divsf3x.o)
                                                  /usr/lib/gcc/avr/14.2.0/../../../../avr/lib/avr51/libm.a(divsf3.o)
__do_clear_bss                                    /usr/lib/gcc/avr/14.2.0/avr51/libgcc.a(_clear_bss.o)
                                                  build/avr_Timers.o
                                                  build/avr_Extint.o
                                                  build/avr_Adc.o
__do_copy_data                                    /usr/lib/gcc/avr/14.2.0/avr51/libgcc.a(_copy_data.o)
                                                  build/avr_Timers.o
                                                  build/avr_Adc.o
__fixunssfsi                                      /usr/lib/gcc/avr/14.2.0/../../../../avr/lib/avr51/libm.a(fixunssfsi.o)
                                                  build/avr_Timers.o
__floatsisf                                       /usr/lib/gcc/avr/14.2.0/../../../../avr/lib/avr51/libm.a(floatsisf.o)
__floatunsisf                                     /usr/lib/gcc/avr/14.2.0/../../../../avr/lib/avr51/libm.a(floatsisf.o)
                                                  build/avr_Timers.o
__fp_inf                                          /usr/lib/gcc/avr/14.2.0/../../../../avr/lib/avr51/libm.a(fp_inf.o)
                                                  /usr/lib/gcc/avr/14.2.0/../../../../avr/lib/avr51/libm.a(divsf3x.o)
__fp_nan                                          /usr/lib/gcc/avr/14.2.0/../../../../avr/lib/avr51/libm.a(fp_nan.o)
                                                  /usr/lib/gcc/avr/14.2.0/../../../../avr/lib/avr51/libm.a(divsf3x.o)
__fp_pscA                                         /usr/lib/gcc/avr/14.2.0/../../../../avr/lib/avr51/libm.a(fp_pscA.o)
                                                  /usr/lib/gcc/avr/14.2.0/../../../../avr/lib/avr51/libm.a(divsf3x.o)
__fp_pscB                                         /usr/lib/gcc/avr/14.2.0/../../../../avr/lib/avr51/libm.a(fp_pscB.o)
                                                  /usr/lib/gcc/avr/14.2.0/../../../../avr/lib/avr51/libm.a(divsf3x.o)
__fp_round                                        /usr/lib/gcc/avr/14.2.0/../../../../avr/lib/avr51/libm.a(fp_round.o)
                                                  /usr/lib/gcc/avr/14.2.0/../../../../avr/lib/avr51/libm.a(divsf3.o)
__fp_split3                                       /usr/lib/gcc/avr/14.2.0/../../../../avr/lib/avr51/libm.a(fp_split3.o)
                                                  /usr/lib/gcc/avr/14.2.0/../../../../avr/lib/avr51/libm.a(divsf3x.o)
__fp_splitA                                       /usr/lib/gcc/avr/14.2.0/../../../../avr/lib/avr51/libm.a(fp_split3.o)
                                                  /usr/lib/gcc/avr/14.2.0/../../../../avr/lib/avr51/libm.a(fixunssfsi.o)
__fp_szero                                        /usr/lib/gcc/avr/14.2.0/../../../../avr/lib/avr51/libm.a(fp_zero.o)
                                                  /usr/lib/gcc/avr/14.2.0/../../../../avr/lib/avr51/libm.a(divsf3x.o)
__fp_zero                                         /usr/lib/gcc/avr/14.2.0/../../../../avr/lib/avr51/libm.a(fp_zero.o)
                                                  /usr/lib/gcc/avr/14.2.0/../../../../avr/lib/avr51/libm.a(fixunssfsi.o)
__heap_end                                        /usr/lib/gcc/avr/14.2.0/../../../../avr/lib/avr51/crtatmega128.o
__init                                            /usr/lib/gcc/avr/14.2.0/../../../../avr/lib/avr51/crtatmega128.o
__mulsi3                                          /usr/lib/gcc/avr/14.2.0/avr51/libgcc.a(_mulsi3.o)
                                                  build/avr_Timers.o
__muluhisi3                                       /usr/lib/gcc/avr/14.2.0/avr51/libgcc.a(_muluhisi3.o)
                                                  /usr/lib/gcc/avr/14.2.0/avr51/libgcc.a(_mulsi3.o)
__stack                                           /usr/lib/gcc/avr/14.2.0/../../../../avr/lib/avr51/crtatmega128.o
__tablejump2__                                    /usr/lib/gcc/avr/14.2.0/avr51/libgcc.a(_tablejump2.o)
                                                  build/avr_Gpio.o
                                                  build/avr_Extint.o
__udivmodsi4                                      /usr/lib/gcc/avr/14.2.0/avr51/libgcc.a(_udivmodsi4.o)
                                                  build/avr_Timers.o
__umulhisi3                                       /usr/lib/gcc/avr/14.2.0/avr51/libgcc.a(_umulhisi3.o)
                                                  /usr/lib/gcc/avr/14.2.0/avr51/libgcc.a(_muluhisi3.o)
__vector_1                                        build/avr_Extint.o
                                                  /usr/lib/gcc/avr/14.2.0/../../../../avr/lib/avr51/crtatmega128.o
__vector_10                                       build/avr_Timers.o
                                                  /usr/lib/gcc/avr/14.2.0/../../../../avr/lib/avr51/crtatmega128.o
__vector_11                                       /usr/lib/gcc/avr/14.2.0/../../../../avr/lib/avr51/crtatmega128.o
__vector_12                                       /usr/lib/gcc/avr/14.2.0/../../../../avr/lib/avr51/crtatmega128.o
__vector_13                                       /usr/lib/gcc/avr/14.2.0/../../../../avr/lib/avr51/crtatmega128.o
__vector_14                                       build/avr_Timers.o
                                                  /usr/lib/gcc/avr/14.2.0/../../../../avr/lib/avr51/crtatmega128.o
__vector_15                                       /usr/lib/gcc/avr/14.2.0/../../../../avr/lib/avr51/crtatmega128.o
__vector_16                                       build/avr_Timers.o
                                                  /usr/lib/gcc/avr/14.2.0/../../../../avr/lib/avr51/crtatmega128.o
__vector_17                                       /usr/lib/gcc/avr/14.2.0/../../../../avr/lib/avr51/crtatmega128.o
__vector_18                                       /usr/lib/gcc/avr/14.2.0/../../../../avr/lib/avr51/crtatmega128.o
__vector_19                                       /usr/lib/gcc/avr/14.2.0/../../../../avr/lib/avr51/crtatmega128.o
__vector_2                                        build/avr_Extint.o
                                                  /usr/lib/gcc/avr/14.2.0/../../../../avr/lib/avr51/crtatmega128.o
__vector_20                                       /usr/lib/gcc/avr/14.2.0/../../../../avr/lib/avr51/crtatmega128.o
__vector_21                                       build/avr_Adc.o
                                                  /usr/lib/gcc/avr/14.2.0/../../../../avr/lib/avr51/crtatmega128.o
__vector_22                                       /usr/lib/gcc/avr/14.2.0/../../../../avr/lib/avr51/crtatmega128.o
__vector_23                                       /usr/lib/gcc/avr/14.2.0/../../../../avr/lib/avr51/crtatmega128.o
__vector_24                                       /usr/lib/gcc/avr/14.2.0/../../../../avr/lib/avr51/crtatmega128.o
__vector_25                                       /usr/lib/gcc/avr/14.2.0/../../../../avr/lib/avr51/crtatmega128.o
__vector_26                                       /usr/lib/gcc/avr/14.2.0/../../../../avr/lib/avr51/crtatmega128.o
__vector_27                                       /usr/lib/gcc/avr/14.2.0/../../../../avr/lib/avr51/crtatmega128.o
__vector_28                                       /usr/lib/gcc/avr/14.2.0/../../../../avr/lib/avr51/crtatmega128.o
__vector_29                                       build/avr_Timers.o
                                                  /usr/lib/gcc/avr/14.2.0/../../../../avr/lib/avr51/crtatmega128.o
__vector_3                                        build/avr_Extint.o
                                                  /usr/lib/gcc/avr/14.2.0/../../../../avr/lib/avr51/crtatmega128.o
__vector_30                                       /usr/lib/gcc/avr/14.2.0/../../../../avr/lib/avr51/crtatmega128.o
__vector_31                                       /usr/lib/gcc/avr/14.2.0/../../../../avr/lib/avr51/crtatmega128.o
__vector_32                                       /usr/lib/gcc/avr/14.2.0/../../../../avr/lib/avr51/crtatmega128.o
__vector_33                                       /usr/lib/gcc/avr/14.2.0/../../../../avr/lib/avr51/crtatmega128.o
__vector_34                                       /usr/lib/gcc/avr/14.2.0/../../../../avr/lib/avr51/crtatmega128.o
__vector_4                                        build/avr_Extint.o
                                                  /usr/lib/gcc/avr/14.2.0/../../../../avr/lib/avr51/crtatmega128.o
__vector_5                                        build/avr_Extint.o
                                                  /usr/lib/gcc/avr/14.2.0/../../../../avr/lib/avr51/crtatmega128.o
__vector_6                                        build/avr_Extint.o
                                                  /usr/lib/gcc/avr/14.2.0/../../../../avr/lib/avr51/crtatmega128.o
__vector_7                                        build/avr_Extint.o
                                                  /usr/lib/gcc/avr/14.2.0/../../../../avr/lib/avr51/crtatmega128.o
__vector_8                                        build/avr_Extint.o
                                                  /usr/lib/gcc/avr/14.2.0/../../../../avr/lib/avr51/crtatmega128.o
__vector_9                                        /usr/lib/gcc/avr/14.2.0/../../../../avr/lib/avr51/crtatmega128.o
__vector_default                                  /usr/lib/gcc/avr/14.2.0/../../../../avr/lib/avr51/crtatmega128.o
__vectors                                         /usr/lib/gcc/avr/14.2.0/../../../../avr/lib/avr51/crtatmega128.o
_exit                                             /usr/lib/gcc/avr/14.2.0/avr51/libgcc.a(_exit.o)
activar_indicador_correcto                        build/funciones.o
                                                  build/estados.o
activar_indicador_luminico_incorrecto             build/funciones.o
                                                  build/estados.o
avr_adc_handler                                   build/avr_Adc.o
avr_pwm_handler                                   build/avr_Timers.o
avr_systick_handler                               build/avr_Timers.o
exit                                              /usr/lib/gcc/avr/14.2.0/avr51/libgcc.a(_exit.o)
                                                  /usr/lib/gcc/avr/14.2.0/../../../../avr/lib/avr51/crtatmega128.o
f_inicio_mcu                                      build/funciones.o
                                                  build/main.o
f_systick                                         build/f_sistick.o
f_voltaje_correcto                                build/estados.o
                                                  build/main.o
f_voltaje_incorrecto                              build/estados.o
                                                  build/main.o
init_Fast_PWm_timer                               build/avr_Timers.o
init_Systick_timer                                build/avr_Timers.o
init_adc                                          build/avr_Adc.o
init_extern_interrupt                             build/avr_Extint.o
init_generic_timer                                build/avr_Timers.o
init_gpio                                         build/avr_Gpio.o
                                                  build/funciones.o
interrupcion_external0                            build/avr_Extint.o
interrupcion_external1                            build/avr_Extint.o
interrupcion_external2                            build/avr_Extint.o
interrupcion_external3                            build/avr_Extint.o
interrupcion_external4                            build/avr_Extint.o
interrupcion_external5                            build/avr_Extint.o
interrupcion_external6                            build/avr_Extint.o
interrupcion_external7                            build/avr_Extint.o
leer_ADC                                          build/avr_Adc.o
leer_bat                                          build/funciones.o
                                                  build/estados.o
main                                              build/main.o
                                                  /usr/lib/gcc/avr/14.2.0/../../../../avr/lib/avr51/crtatmega128.o
null_adc_irq                                      build/avr_Adc.o
systick_interrupt_flag                            build/avr_Timers.o
tcnt0_value                                       build/avr_Timers.o
tcnt1_value                                       build/avr_Timers.o
tcnt2_value                                       build/avr_Timers.o
tcnt3_value                                       build/avr_Timers.o
tim0irq_user_handler                              build/avr_Timers.o
tim1irq_user_handler                              build/avr_Timers.o
tim2irq_user_handler                              build/avr_Timers.o
tim3irq_user_handler                              build/avr_Timers.o
timer_irq_handler                                 build/avr_Timers.o
